I 0, 4
I 1000, 4
I 2000, 4
I 0, 4
I 1000, 4
I 3000, 4
I 0, 4
I 3000, 4
I 1000, 4
I 2000, 4
I 1000, 4
