I ffc, 8
I 2ffc, 4
I 4ffc, 2
I 6ffc, 1
I 8ffc, 16
I affc, 32
I cffc, 64
I effc, 128
