I d000, 4
I 5000, 4
I 6000, 4
I 3000, 4
I c000, 4
I 2000, 4
I c000, 4
I 2000, 4
I b000, 4
I b000, 4
I c000, 4
I 7000, 4
I 2000, 4
I e000, 4
I e000, 4
I a000, 4
I b000, 4
I 1000, 4
I 4000, 4
I a000, 4
I 4000, 4
I 7000, 4
I 3000, 4
I e000, 4
I c000, 4
I 3000, 4
I 9000, 4
I 2000, 4
I e000, 4
I 2000, 4
I d000, 4
I b000, 4
